Archive member included to satisfy reference by file (symbol)

c:/program files (x86)/atmel/studio/7.0/toolchain/avr8/avr8-gnu-toolchain/bin/../lib/gcc/avr/5.4.0/avr5\libgcc.a(_exit.o)
                              C:/Program Files (x86)/Atmel/Studio/7.0/Packs/atmel/ATmega_DFP/1.2.132/gcc/dev/atmega32u4/avr5/crtatmega32u4.o (exit)
c:/program files (x86)/atmel/studio/7.0/toolchain/avr8/avr8-gnu-toolchain/bin/../lib/gcc/avr/5.4.0/avr5\libgcc.a(_copy_data.o)
                              src/LUFA/LUFA/Drivers/USB/Class/Device/CDCClassDevice.o (__do_copy_data)
c:/program files (x86)/atmel/studio/7.0/toolchain/avr8/avr8-gnu-toolchain/bin/../lib/gcc/avr/5.4.0/avr5\libgcc.a(_clear_bss.o)
                              Joystick.o (__do_clear_bss)
c:/program files (x86)/atmel/studio/7.0/toolchain/avr8/avr8-gnu-toolchain/bin/../lib/gcc/avr/5.4.0/../../../../avr/lib/avr5\libc.a(memcpy_P.o)
                              src/LUFA/LUFA/Drivers/USB/Class/Device/RNDISClassDevice.o (memcpy_P)
c:/program files (x86)/atmel/studio/7.0/toolchain/avr8/avr8-gnu-toolchain/bin/../lib/gcc/avr/5.4.0/../../../../avr/lib/avr5\libc.a(strlen_P.o)
                              src/LUFA/LUFA/Drivers/USB/Class/Device/CDCClassDevice.o (__strlen_P)
c:/program files (x86)/atmel/studio/7.0/toolchain/avr8/avr8-gnu-toolchain/bin/../lib/gcc/avr/5.4.0/../../../../avr/lib/avr5\libc.a(memcmp.o)
                              src/LUFA/LUFA/Drivers/USB/Class/Device/HIDClassDevice.o (memcmp)
c:/program files (x86)/atmel/studio/7.0/toolchain/avr8/avr8-gnu-toolchain/bin/../lib/gcc/avr/5.4.0/../../../../avr/lib/avr5\libc.a(memcpy.o)
                              src/LUFA/LUFA/Drivers/USB/Class/Device/HIDClassDevice.o (memcpy)
c:/program files (x86)/atmel/studio/7.0/toolchain/avr8/avr8-gnu-toolchain/bin/../lib/gcc/avr/5.4.0/../../../../avr/lib/avr5\libc.a(memset.o)
                              src/LUFA/LUFA/Drivers/USB/Class/Device/HIDClassDevice.o (memset)
C:/Program Files (x86)/Atmel/Studio/7.0/Packs/atmel/ATmega_DFP/1.2.132/gcc/dev/atmega32u4/avr5\libatmega32u4.a(eerd_byte.o)
                              src/LUFA/LUFA/Drivers/USB/Core/AVR8/EndpointStream_AVR8.o (eeprom_read_byte)
C:/Program Files (x86)/Atmel/Studio/7.0/Packs/atmel/ATmega_DFP/1.2.132/gcc/dev/atmega32u4/avr5\libatmega32u4.a(eeupd_byte.o)
                              src/LUFA/LUFA/Drivers/USB/Core/AVR8/EndpointStream_AVR8.o (eeprom_update_byte)

Allocating common symbols
Common symbol       size              file

USB_IsInitialized   0x1               src/LUFA/LUFA/Drivers/USB/Core/USBTask.o
USB_DeviceState     0x1               src/LUFA/LUFA/Drivers/USB/Core/USBTask.o
USB_Device_ConfigurationNumber
                    0x1               src/LUFA/LUFA/Drivers/USB/Core/DeviceStandardReq.o
USB_Device_CurrentlySelfPowered
                    0x1               src/LUFA/LUFA/Drivers/USB/Core/DeviceStandardReq.o
USB_ControlRequest  0x8               src/LUFA/LUFA/Drivers/USB/Core/USBTask.o
USB_Device_RemoteWakeupEnabled
                    0x1               src/LUFA/LUFA/Drivers/USB/Core/DeviceStandardReq.o

Discarded input sections

 .data          0x00000000        0x0 C:/Program Files (x86)/Atmel/Studio/7.0/Packs/atmel/ATmega_DFP/1.2.132/gcc/dev/atmega32u4/avr5/crtatmega32u4.o
 .bss           0x00000000        0x0 C:/Program Files (x86)/Atmel/Studio/7.0/Packs/atmel/ATmega_DFP/1.2.132/gcc/dev/atmega32u4/avr5/crtatmega32u4.o
 .group         0x00000000        0x8 Descriptors.o
 .group         0x00000000        0x8 Descriptors.o
 .group         0x00000000        0x8 Descriptors.o
 .group         0x00000000        0x8 Descriptors.o
 .group         0x00000000        0x8 Descriptors.o
 .group         0x00000000        0x8 Descriptors.o
 .group         0x00000000        0x8 Descriptors.o
 .group         0x00000000        0x8 Descriptors.o
 .group         0x00000000        0x8 Descriptors.o
 .group         0x00000000        0x8 Descriptors.o
 .group         0x00000000        0x8 Descriptors.o
 .group         0x00000000        0x8 Descriptors.o
 .group         0x00000000        0x8 Descriptors.o
 .group         0x00000000        0x8 Descriptors.o
 .group         0x00000000        0x8 Descriptors.o
 .group         0x00000000        0x8 Descriptors.o
 .group         0x00000000        0x8 Descriptors.o
 .group         0x00000000        0x8 Descriptors.o
 .group         0x00000000        0x8 Descriptors.o
 .group         0x00000000        0x8 Descriptors.o
 .group         0x00000000        0x8 Descriptors.o
 .group         0x00000000        0x8 Descriptors.o
 .group         0x00000000        0x8 Descriptors.o
 .group         0x00000000        0x8 Descriptors.o
 .group         0x00000000        0x8 Descriptors.o
 .group         0x00000000        0x8 Descriptors.o
 .group         0x00000000        0x8 Descriptors.o
 .group         0x00000000        0x8 Descriptors.o
 .group         0x00000000        0x8 Descriptors.o
 .group         0x00000000        0x8 Descriptors.o
[...]
Memory Configuration

Name             Origin             Length             Attributes
text             0x00000000         0x00020000         xr
data             0x00800060         0x0000ffa0         rw !x
eeprom           0x00810000         0x00010000         rw !x
fuse             0x00820000         0x00000003         rw !x
lock             0x00830000         0x00000400         rw !x
signature        0x00840000         0x00000400         rw !x
user_signatures  0x00850000         0x00000400         rw !x
*default*        0x00000000         0xffffffff

Linker script and memory map

Address of section .data set to 0x800100
LOAD C:/Program Files (x86)/Atmel/Studio/7.0/Packs/atmel/ATmega_DFP/1.2.132/gcc/dev/atmega32u4/avr5/crtatmega32u4.o
LOAD Descriptors.o
LOAD Joystick.o
LOAD src/LUFA/LUFA/Drivers/USB/Class/Common/HIDParser.o
LOAD src/LUFA/LUFA/Drivers/USB/Class/Device/AudioClassDevice.o
LOAD src/LUFA/LUFA/Drivers/USB/Class/Device/CDCClassDevice.o
LOAD src/LUFA/LUFA/Drivers/USB/Class/Device/HIDClassDevice.o
LOAD src/LUFA/LUFA/Drivers/USB/Class/Device/MassStorageClassDevice.o
LOAD src/LUFA/LUFA/Drivers/USB/Class/Device/MIDIClassDevice.o
LOAD src/LUFA/LUFA/Drivers/USB/Class/Device/PrinterClassDevice.o
LOAD src/LUFA/LUFA/Drivers/USB/Class/Device/RNDISClassDevice.o
LOAD src/LUFA/LUFA/Drivers/USB/Class/Host/AndroidAccessoryClassHost.o
LOAD src/LUFA/LUFA/Drivers/USB/Class/Host/AudioClassHost.o
LOAD src/LUFA/LUFA/Drivers/USB/Class/Host/CDCClassHost.o
LOAD src/LUFA/LUFA/Drivers/USB/Class/Host/HIDClassHost.o
LOAD src/LUFA/LUFA/Drivers/USB/Class/Host/MassStorageClassHost.o
LOAD src/LUFA/LUFA/Drivers/USB/Class/Host/MIDIClassHost.o
LOAD src/LUFA/LUFA/Drivers/USB/Class/Host/PrinterClassHost.o
LOAD src/LUFA/LUFA/Drivers/USB/Class/Host/RNDISClassHost.o
LOAD src/LUFA/LUFA/Drivers/USB/Class/Host/StillImageClassHost.o
LOAD src/LUFA/LUFA/Drivers/USB/Core/AVR8/Device_AVR8.o
LOAD src/LUFA/LUFA/Drivers/USB/Core/AVR8/EndpointStream_AVR8.o
LOAD src/LUFA/LUFA/Drivers/USB/Core/AVR8/Endpoint_AVR8.o
LOAD src/LUFA/LUFA/Drivers/USB/Core/AVR8/Host_AVR8.o
LOAD src/LUFA/LUFA/Drivers/USB/Core/AVR8/PipeStream_AVR8.o
LOAD src/LUFA/LUFA/Drivers/USB/Core/AVR8/Pipe_AVR8.o
LOAD src/LUFA/LUFA/Drivers/USB/Core/AVR8/Template/Template_Endpoint_Control_R.o
LOAD src/LUFA/LUFA/Drivers/USB/Core/AVR8/Template/Template_Endpoint_Control_W.o
LOAD src/LUFA/LUFA/Drivers/USB/Core/AVR8/Template/Template_Endpoint_RW.o
LOAD src/LUFA/LUFA/Drivers/USB/Core/AVR8/Template/Template_Pipe_RW.o
LOAD src/LUFA/LUFA/Drivers/USB/Core/AVR8/USBController_AVR8.o
LOAD src/LUFA/LUFA/Drivers/USB/Core/AVR8/USBInterrupt_AVR8.o
LOAD src/LUFA/LUFA/Drivers/USB/Core/ConfigDescriptors.o
LOAD src/LUFA/LUFA/Drivers/USB/Core/DeviceStandardReq.o
LOAD src/LUFA/LUFA/Drivers/USB/Core/Events.o
LOAD src/LUFA/LUFA/Drivers/USB/Core/HostStandardReq.o
LOAD src/LUFA/LUFA/Drivers/USB/Core/USBTask.o
START GROUP
LOAD c:/program files (x86)/atmel/studio/7.0/toolchain/avr8/avr8-gnu-toolchain/bin/../lib/gcc/avr/5.4.0/../../../../avr/lib/avr5\libm.a
END GROUP
START GROUP
LOAD c:/program files (x86)/atmel/studio/7.0/toolchain/avr8/avr8-gnu-toolchain/bin/../lib/gcc/avr/5.4.0/avr5\libgcc.a
LOAD c:/program files (x86)/atmel/studio/7.0/toolchain/avr8/avr8-gnu-toolchain/bin/../lib/gcc/avr/5.4.0/../../../../avr/lib/avr5\libm.a
LOAD c:/program files (x86)/atmel/studio/7.0/toolchain/avr8/avr8-gnu-toolchain/bin/../lib/gcc/avr/5.4.0/../../../../avr/lib/avr5\libc.a
LOAD C:/Program Files (x86)/Atmel/Studio/7.0/Packs/atmel/ATmega_DFP/1.2.132/gcc/dev/atmega32u4/avr5\libatmega32u4.a
END GROUP
                0x00020000                __TEXT_REGION_LENGTH__ = DEFINED (__TEXT_REGION_LENGTH__)?__TEXT_REGION_LENGTH__:0x20000
                0x0000ffa0                __DATA_REGION_LENGTH__ = DEFINED (__DATA_REGION_LENGTH__)?__DATA_REGION_LENGTH__:0xffa0
                0x00010000                __EEPROM_REGION_LENGTH__ = DEFINED (__EEPROM_REGION_LENGTH__)?__EEPROM_REGION_LENGTH__:0x10000
                [0x00000003]                __FUSE_REGION_LENGTH__ = DEFINED (__FUSE_REGION_LENGTH__)?__FUSE_REGION_LENGTH__:0x400
                0x00000400                __LOCK_REGION_LENGTH__ = DEFINED (__LOCK_REGION_LENGTH__)?__LOCK_REGION_LENGTH__:0x400
                0x00000400                __SIGNATURE_REGION_LENGTH__ = DEFINED (__SIGNATURE_REGION_LENGTH__)?__SIGNATURE_REGION_LENGTH__:0x400
                0x00000400                __USER_SIGNATURE_REGION_LENGTH__ = DEFINED (__USER_SIGNATURE_REGION_LENGTH__)?__USER_SIGNATURE_REGION_LENGTH__:0x400

.hash
 *(.hash)

.dynsym
 *(.dynsym)

.dynstr
 *(.dynstr)

.gnu.version
 *(.gnu.version)

.gnu.version_d
 *(.gnu.version_d)

.gnu.version_r
 *(.gnu.version_r)

.rel.init
 *(.rel.init)

.rela.init
 *(.rela.init)

.rel.text
 *(.rel.text)
 *(.rel.text.*)
 *(.rel.gnu.linkonce.t*)

.rela.text
 *(.rela.text)
 *(.rela.text.*)
 *(.rela.gnu.linkonce.t*)

.rel.fini
 *(.rel.fini)

.rela.fini
 *(.rela.fini)

.rel.rodata
 *(.rel.rodata)
 *(.rel.rodata.*)
 *(.rel.gnu.linkonce.r*)

.rela.rodata
 *(.rela.rodata)
 *(.rela.rodata.*)
 *(.rela.gnu.linkonce.r*)

.rel.data
 *(.rel.data)
 *(.rel.data.*)
 *(.rel.gnu.linkonce.d*)

.rela.data
 *(.rela.data)
 *(.rela.data.*)
 *(.rela.gnu.linkonce.d*)

.rel.ctors
 *(.rel.ctors)

.rela.ctors
 *(.rela.ctors)

.rel.dtors
 *(.rel.dtors)

.rela.dtors
 *(.rela.dtors)

.rel.got
 *(.rel.got)

.rela.got
 *(.rela.got)

.rel.bss
 *(.rel.bss)

.rela.bss
 *(.rela.bss)

.rel.plt
 *(.rel.plt)

.rela.plt
 *(.rela.plt)

.text           0x00000000      0xf40
 *(.vectors)
 .vectors       0x00000000       0xac C:/Program Files (x86)/Atmel/Studio/7.0/Packs/atmel/ATmega_DFP/1.2.132/gcc/dev/atmega32u4/avr5/crtatmega32u4.o
                0x00000000                __vector_default
                0x00000000                __vectors
 *(.vectors)
 *(.progmem.gcc*)
                0x000000ac                . = ALIGN (0x2)
                0x000000ac                __trampolines_start = .
 *(.trampolines)
 .trampolines   0x000000ac        0x0 linker stubs
 *(.trampolines*)
                0x000000ac                __trampolines_end = .
 *libprintf_flt.a:*(.progmem.data)
 *libc.a:*(.progmem.data)
 *(.progmem*)
 .progmem.data.ProductString
                0x000000ac       0x2c Descriptors.o
                0x000000ac                ProductString
 .progmem.data.ManufacturerString
                0x000000d8       0x1a Descriptors.o
                0x000000d8                ManufacturerString
 .progmem.data.LanguageString
                0x000000f2        0x4 Descriptors.o
                0x000000f2                LanguageString
 .progmem.data.ConfigurationDescriptor
                0x000000f6       0x22 Descriptors.o
                0x000000f6                ConfigurationDescriptor
 .progmem.data.DeviceDescriptor
                0x00000118       0x12 Descriptors.o
                0x00000118                DeviceDescriptor
 .progmem.data.JoystickReport
                0x0000012a       0x59 Descriptors.o
                0x0000012a                JoystickReport
                0x00000184                . = ALIGN (0x2)
 *fill*         0x00000183        0x1 
 *(.jumptables)
 *(.jumptables*)
 *(.lowtext)
 *(.lowtext*)
                0x00000184                __ctors_start = .
 *(.ctors)
                0x00000184                __ctors_end = .
                0x00000184                __dtors_start = .
 *(.dtors)
                0x00000184                __dtors_end = .
 SORT(*)(.ctors)
 SORT(*)(.dtors)
 *(.init0)
 .init0         0x00000184        0x0 C:/Program Files (x86)/Atmel/Studio/7.0/Packs/atmel/ATmega_DFP/1.2.132/gcc/dev/atmega32u4/avr5/crtatmega32u4.o
                0x00000184                __init
 *(.init0)
 *(.init1)
 *(.init1)
 *(.init2)
 .init2         0x00000184        0xc C:/Program Files (x86)/Atmel/Studio/7.0/Packs/atmel/ATmega_DFP/1.2.132/gcc/dev/atmega32u4/avr5/crtatmega32u4.o
 *(.init2)
 *(.init3)
 *(.init3)
 *(.init4)
 .init4         0x00000190       0x16 c:/program files (x86)/atmel/studio/7.0/toolchain/avr8/avr8-gnu-toolchain/bin/../lib/gcc/avr/5.4.0/avr5\libgcc.a(_copy_data.o)
                0x00000190                __do_copy_data
 .init4         0x000001a6       0x10 c:/program files (x86)/atmel/studio/7.0/toolchain/avr8/avr8-gnu-toolchain/bin/../lib/gcc/avr/5.4.0/avr5\libgcc.a(_clear_bss.o)
                0x000001a6                __do_clear_bss
 *(.init4)
 *(.init5)
 *(.init5)
 *(.init6)
 *(.init6)
 *(.init7)
 *(.init7)
 *(.init8)
 *(.init8)
 *(.init9)
 .init9         0x000001b6        0x4 C:/Program Files (x86)/Atmel/Studio/7.0/Packs/atmel/ATmega_DFP/1.2.132/gcc/dev/atmega32u4/avr5/crtatmega32u4.o
 *(.init9)
 *(.text)
 .text          0x000001ba        0x2 C:/Program Files (x86)/Atmel/Studio/7.0/Packs/atmel/ATmega_DFP/1.2.132/gcc/dev/atmega32u4/avr5/crtatmega32u4.o
                0x000001ba                __vector_38
                0x000001ba                __vector_22
                0x000001ba                __vector_28
                0x000001ba                __vector_1
                0x000001ba                __vector_32
                0x000001ba                __vector_34
                0x000001ba                __vector_24
                0x000001ba                __vector_12
                0x000001ba                __bad_interrupt
                0x000001ba                __vector_6
                0x000001ba                __vector_31
                0x000001ba                __vector_35
                0x000001ba                __vector_39
                0x000001ba                __vector_3
                0x000001ba                __vector_23
                0x000001ba                __vector_30
                0x000001ba                __vector_25
                0x000001ba                __vector_11
                0x000001ba                __vector_13
                0x000001ba                __vector_17
                0x000001ba                __vector_19
                0x000001ba                __vector_7
                0x000001ba                __vector_41
                0x000001ba                __vector_27
                0x000001ba                __vector_5
                0x000001ba                __vector_33
                0x000001ba                __vector_37
                0x000001ba                __vector_4
                0x000001ba                __vector_9
                0x000001ba                __vector_2
                0x000001ba                __vector_21
                0x000001ba                __vector_15
                0x000001ba                __vector_36
                0x000001ba                __vector_29
                0x000001ba                __vector_40
                0x000001ba                __vector_8
                0x000001ba                __vector_26
                0x000001ba                __vector_14
                0x000001ba                __vector_16
                0x000001ba                __vector_18
                0x000001ba                __vector_20
                0x000001ba                __vector_42
                0x000001bc                . = ALIGN (0x2)
 *(.text.*)
 .text.CALLBACK_USB_GetDescriptor
                0x000001bc       0x9e Descriptors.o
                0x000001bc                CALLBACK_USB_GetDescriptor
 .text.SetupHardware
                0x0000025a       0x52 Joystick.o
                0x0000025a                SetupHardware
 .text.EVENT_USB_Device_Connect
                0x000002ac        0x8 Joystick.o
                0x000002ac                EVENT_USB_Device_Connect
 .text.EVENT_USB_Device_Disconnect
                0x000002b4        0x8 Joystick.o
                0x000002b4                EVENT_USB_Device_Disconnect
 .text.EVENT_USB_Device_ConfigurationChanged
                0x000002bc       0x10 Joystick.o
                0x000002bc                EVENT_USB_Device_ConfigurationChanged
 .text.GetNextReport
                0x000002cc      0x1e0 Joystick.o
                0x000002cc                GetNextReport
 .text.EVENT_USB_Device_ControlRequest
                0x000004ac       0x62 Joystick.o
                0x000004ac                EVENT_USB_Device_ControlRequest
 .text.HID_Task
                0x0000050e       0x5a Joystick.o
                0x0000050e                HID_Task
 .text.main     0x00000568       0x10 Joystick.o
                0x00000568                main
 .text.Endpoint_Write_Stream_LE
                0x00000578       0xba src/LUFA/LUFA/Drivers/USB/Core/AVR8/EndpointStream_AVR8.o
                0x00000578                Endpoint_Write_Stream_LE
 .text.Endpoint_Write_Control_Stream_LE
                0x00000632      0x108 src/LUFA/LUFA/Drivers/USB/Core/AVR8/EndpointStream_AVR8.o
                0x00000632                Endpoint_Write_Control_Stream_LE
 .text.Endpoint_Write_Control_PStream_LE
                0x0000073a      0x10a src/LUFA/LUFA/Drivers/USB/Core/AVR8/EndpointStream_AVR8.o
                0x0000073a                Endpoint_Write_Control_PStream_LE
 .text.Endpoint_ConfigureEndpoint_Prv
                0x00000844       0xcc src/LUFA/LUFA/Drivers/USB/Core/AVR8/Endpoint_AVR8.o
                0x00000844                Endpoint_ConfigureEndpoint_Prv
 .text.Endpoint_ClearStatusStage
                0x00000910       0x48 src/LUFA/LUFA/Drivers/USB/Core/AVR8/Endpoint_AVR8.o
                0x00000910                Endpoint_ClearStatusStage
 .text.Endpoint_WaitUntilReady
                0x00000958       0x82 src/LUFA/LUFA/Drivers/USB/Core/AVR8/Endpoint_AVR8.o
                0x00000958                Endpoint_WaitUntilReady
 .text.USB_ResetInterface
                0x000009da       0x80 src/LUFA/LUFA/Drivers/USB/Core/AVR8/USBController_AVR8.o
                0x000009da                USB_ResetInterface
 .text.USB_Init
                0x00000a5a       0x22 src/LUFA/LUFA/Drivers/USB/Core/AVR8/USBController_AVR8.o
                0x00000a5a                USB_Init
 .text.USB_INT_DisableAllInterrupts
                0x00000a7c       0x10 src/LUFA/LUFA/Drivers/USB/Core/AVR8/USBInterrupt_AVR8.o
                0x00000a7c                USB_INT_DisableAllInterrupts
 .text.USB_INT_ClearAllInterrupts
                0x00000a8c        0xa src/LUFA/LUFA/Drivers/USB/Core/AVR8/USBInterrupt_AVR8.o
                0x00000a8c                USB_INT_ClearAllInterrupts
 .text.__vector_10
                0x00000a96      0x180 src/LUFA/LUFA/Drivers/USB/Core/AVR8/USBInterrupt_AVR8.o
                0x00000a96                __vector_10
 .text.USB_Device_ProcessControlRequest
                0x00000c16      0x2f0 src/LUFA/LUFA/Drivers/USB/Core/DeviceStandardReq.o
                0x00000c16                USB_Device_ProcessControlRequest
 .text.USB_Event_Stub
                0x00000f06        0x2 src/LUFA/LUFA/Drivers/USB/Core/Events.o
                0x00000f06                USB_Event_Stub
                0x00000f06                EVENT_USB_Device_Suspend
                0x00000f06                EVENT_USB_Device_StartOfFrame
                0x00000f06                EVENT_USB_Device_Reset
                0x00000f06                EVENT_USB_Device_WakeUp
 .text.USB_USBTask
                0x00000f08       0x34 src/LUFA/LUFA/Drivers/USB/Core/USBTask.o
                0x00000f08                USB_USBTask
                0x00000f3c                . = ALIGN (0x2)
 *(.fini9)
 .fini9         0x00000f3c        0x0 c:/program files (x86)/atmel/studio/7.0/toolchain/avr8/avr8-gnu-toolchain/bin/../lib/gcc/avr/5.4.0/avr5\libgcc.a(_exit.o)
                0x00000f3c                _exit
                0x00000f3c                exit
 *(.fini9)
 *(.fini8)
 *(.fini8)
 *(.fini7)
 *(.fini7)
 *(.fini6)
 *(.fini6)
 *(.fini5)
 *(.fini5)
 *(.fini4)
 *(.fini4)
 *(.fini3)
 *(.fini3)
 *(.fini2)
 *(.fini2)
 *(.fini1)
 *(.fini1)
 *(.fini0)
 .fini0         0x00000f3c        0x4 c:/program files (x86)/atmel/studio/7.0/toolchain/avr8/avr8-gnu-toolchain/bin/../lib/gcc/avr/5.4.0/avr5\libgcc.a(_exit.o)
 *(.fini0)
                0x00000f40                _etext = .

.data           0x00800100        0x0 load address 0x00000f40
                0x00800100                PROVIDE (__data_start, .)
 *(.data)
 *(.data*)
 *(.rodata)
 *(.rodata*)
 *(.gnu.linkonce.d*)
                0x00800100                . = ALIGN (0x2)
                0x00800100                _edata = .
                0x00800100                PROVIDE (__data_end, .)

.bss            0x00800100        0xf
                0x00800100                PROVIDE (__bss_start, .)
 *(.bss)
 *(.bss*)
 .bss.PrevButtonStatus.4376
                0x00800100        0x1 Joystick.o
 .bss.PrevJoyStatus.4375
                0x00800101        0x1 Joystick.o
 *(COMMON)
 COMMON         0x00800102        0x3 src/LUFA/LUFA/Drivers/USB/Core/DeviceStandardReq.o
                0x00800102                USB_Device_ConfigurationNumber
                0x00800103                USB_Device_CurrentlySelfPowered
                0x00800104                USB_Device_RemoteWakeupEnabled
 COMMON         0x00800105        0xa src/LUFA/LUFA/Drivers/USB/Core/USBTask.o
                0x00800105                USB_IsInitialized
                0x00800106                USB_DeviceState
                0x00800107                USB_ControlRequest
                0x0080010f                PROVIDE (__bss_end, .)
                0x00000f40                __data_load_start = LOADADDR (.data)
                0x00000f40                __data_load_end = (__data_load_start + SIZEOF (.data))

.noinit         0x0080010f        0x0
                [!provide]                PROVIDE (__noinit_start, .)
 *(.noinit*)
                [!provide]                PROVIDE (__noinit_end, .)
                0x0080010f                _end = .
                [!provide]                PROVIDE (__heap_start, .)

.eeprom         0x00810000        0x0
 *(.eeprom*)
                0x00810000                __eeprom_end = .

.fuse
 *(.fuse)
 *(.lfuse)
 *(.hfuse)
 *(.efuse)

.lock
 *(.lock*)

.signature
 *(.signature*)

.user_signatures
 *(.user_signatures*)

.stab
 *(.stab)

.stabstr
 *(.stabstr)

.stab.excl
 *(.stab.excl)

.stab.exclstr
 *(.stab.exclstr)

.stab.index
 *(.stab.index)

.stab.indexstr
 *(.stab.indexstr)

.comment        0x00000000       0x30
 *(.comment)
 .comment       0x00000000       0x30 Descriptors.o
                                 0x31 (size before relaxing)
 .comment       0x00000030       0x31 Joystick.o
 .comment       0x00000030       0x31 src/LUFA/LUFA/Drivers/USB/Core/AVR8/EndpointStream_AVR8.o
 .comment       0x00000030       0x31 src/LUFA/LUFA/Drivers/USB/Core/AVR8/Endpoint_AVR8.o
 .comment       0x00000030       0x31 src/LUFA/LUFA/Drivers/USB/Core/AVR8/USBController_AVR8.o
 .comment       0x00000030       0x31 src/LUFA/LUFA/Drivers/USB/Core/AVR8/USBInterrupt_AVR8.o
 .comment       0x00000030       0x31 src/LUFA/LUFA/Drivers/USB/Core/DeviceStandardReq.o
 .comment       0x00000030       0x31 src/LUFA/LUFA/Drivers/USB/Core/Events.o
 .comment       0x00000030       0x31 src/LUFA/LUFA/Drivers/USB/Core/USBTask.o

.note.gnu.avr.deviceinfo
                0x00000000       0x40
 .note.gnu.avr.deviceinfo
                0x00000000       0x40 C:/Program Files (x86)/Atmel/Studio/7.0/Packs/atmel/ATmega_DFP/1.2.132/gcc/dev/atmega32u4/avr5/crtatmega32u4.o

.note.gnu.build-id
 *(.note.gnu.build-id)

.debug
 *(.debug)

.line
 *(.line)

.debug_srcinfo
 *(.debug_srcinfo)

.debug_sfnames
 *(.debug_sfnames)

.debug_aranges  0x00000000      0x240
 *(.debug_aranges)
 .debug_aranges
                0x00000000       0x20 Descriptors.o
 .debug_aranges
                0x00000020       0x58 Joystick.o
 .debug_aranges
                0x00000078       0xc8 src/LUFA/LUFA/Drivers/USB/Core/AVR8/EndpointStream_AVR8.o
 .debug_aranges
                0x00000140       0x40 src/LUFA/LUFA/Drivers/USB/Core/AVR8/Endpoint_AVR8.o
 .debug_aranges
                0x00000180       0x30 src/LUFA/LUFA/Drivers/USB/Core/AVR8/USBController_AVR8.o
 .debug_aranges
                0x000001b0       0x30 src/LUFA/LUFA/Drivers/USB/Core/AVR8/USBInterrupt_AVR8.o
 .debug_aranges
                0x000001e0       0x20 src/LUFA/LUFA/Drivers/USB/Core/DeviceStandardReq.o
 .debug_aranges
                0x00000200       0x20 src/LUFA/LUFA/Drivers/USB/Core/Events.o
 .debug_aranges
                0x00000220       0x20 src/LUFA/LUFA/Drivers/USB/Core/USBTask.o

.debug_pubnames
 *(.debug_pubnames)

.debug_info     0x00000000     0x51fd
 *(.debug_info .gnu.linkonce.wi.*)
 .debug_info    0x00000000      0x9f4 C:/Program Files (x86)/Atmel/Studio/7.0/Packs/atmel/ATmega_DFP/1.2.132/gcc/dev/atmega32u4/avr5/crtatmega32u4.o
 .debug_info    0x000009f4      0x710 Descriptors.o
 .debug_info    0x00001104      0x9d9 Joystick.o
 .debug_info    0x00001add     0x181c src/LUFA/LUFA/Drivers/USB/Core/AVR8/EndpointStream_AVR8.o
 .debug_info    0x000032f9      0x61c src/LUFA/LUFA/Drivers/USB/Core/AVR8/Endpoint_AVR8.o
 .debug_info    0x00003915      0x4ea src/LUFA/LUFA/Drivers/USB/Core/AVR8/USBController_AVR8.o
 .debug_info    0x00003dff      0x68b src/LUFA/LUFA/Drivers/USB/Core/AVR8/USBInterrupt_AVR8.o
 .debug_info    0x0000448a      0xa81 src/LUFA/LUFA/Drivers/USB/Core/DeviceStandardReq.o
 .debug_info    0x00004f0b       0x7c src/LUFA/LUFA/Drivers/USB/Core/Events.o
 .debug_info    0x00004f87      0x276 src/LUFA/LUFA/Drivers/USB/Core/USBTask.o

.debug_abbrev   0x00000000     0x19e2
 *(.debug_abbrev)
 .debug_abbrev  0x00000000      0x96a C:/Program Files (x86)/Atmel/Studio/7.0/Packs/atmel/ATmega_DFP/1.2.132/gcc/dev/atmega32u4/avr5/crtatmega32u4.o
 .debug_abbrev  0x0000096a      0x16d Descriptors.o
 .debug_abbrev  0x00000ad7      0x346 Joystick.o
 .debug_abbrev  0x00000e1d      0x1ed src/LUFA/LUFA/Drivers/USB/Core/AVR8/EndpointStream_AVR8.o
 .debug_abbrev  0x0000100a      0x236 src/LUFA/LUFA/Drivers/USB/Core/AVR8/Endpoint_AVR8.o
 .debug_abbrev  0x00001240      0x186 src/LUFA/LUFA/Drivers/USB/Core/AVR8/USBController_AVR8.o
 .debug_abbrev  0x000013c6      0x1b7 src/LUFA/LUFA/Drivers/USB/Core/AVR8/USBInterrupt_AVR8.o
 .debug_abbrev  0x0000157d      0x2b0 src/LUFA/LUFA/Drivers/USB/Core/DeviceStandardReq.o
 .debug_abbrev  0x0000182d       0x47 src/LUFA/LUFA/Drivers/USB/Core/Events.o
 .debug_abbrev  0x00001874      0x16e src/LUFA/LUFA/Drivers/USB/Core/USBTask.o

.debug_line     0x00000000     0x75ee
 *(.debug_line .debug_line.* .debug_line_end)
 .debug_line    0x00000000      0x199 C:/Program Files (x86)/Atmel/Studio/7.0/Packs/atmel/ATmega_DFP/1.2.132/gcc/dev/atmega32u4/avr5/crtatmega32u4.o
 .debug_line    0x00000199      0xcea Descriptors.o
 .debug_line    0x00000e83     0x1186 Joystick.o
 .debug_line    0x00002009     0x1ea4 src/LUFA/LUFA/Drivers/USB/Core/AVR8/EndpointStream_AVR8.o
 .debug_line    0x00003ead      0xc5e src/LUFA/LUFA/Drivers/USB/Core/AVR8/Endpoint_AVR8.o
 .debug_line    0x00004b0b      0x8d2 src/LUFA/LUFA/Drivers/USB/Core/AVR8/USBController_AVR8.o
 .debug_line    0x000053dd      0xafc src/LUFA/LUFA/Drivers/USB/Core/AVR8/USBInterrupt_AVR8.o
 .debug_line    0x00005ed9      0xaa1 src/LUFA/LUFA/Drivers/USB/Core/DeviceStandardReq.o
 .debug_line    0x0000697a      0x47a src/LUFA/LUFA/Drivers/USB/Core/Events.o
 .debug_line    0x00006df4      0x7fa src/LUFA/LUFA/Drivers/USB/Core/USBTask.o

.debug_frame    0x00000000      0x958
 *(.debug_frame)
 .debug_frame   0x00000000       0x24 Descriptors.o
 .debug_frame   0x00000024       0xcc Joystick.o
 .debug_frame   0x000000f0      0x618 src/LUFA/LUFA/Drivers/USB/Core/AVR8/EndpointStream_AVR8.o
 .debug_frame   0x00000708       0xdc src/LUFA/LUFA/Drivers/USB/Core/AVR8/Endpoint_AVR8.o
 .debug_frame   0x000007e4       0x58 src/LUFA/LUFA/Drivers/USB/Core/AVR8/USBController_AVR8.o
 .debug_frame   0x0000083c       0x8c src/LUFA/LUFA/Drivers/USB/Core/AVR8/USBInterrupt_AVR8.o
 .debug_frame   0x000008c8       0x40 src/LUFA/LUFA/Drivers/USB/Core/DeviceStandardReq.o
 .debug_frame   0x00000908       0x24 src/LUFA/LUFA/Drivers/USB/Core/Events.o
 .debug_frame   0x0000092c       0x2c src/LUFA/LUFA/Drivers/USB/Core/USBTask.o

.debug_str      0x00000000    0x17d43
 *(.debug_str)
 .debug_str     0x00000000      0x371 C:/Program Files (x86)/Atmel/Studio/7.0/Packs/atmel/ATmega_DFP/1.2.132/gcc/dev/atmega32u4/avr5/crtatmega32u4.o
 .debug_str     0x00000371    0x14fb7 Descriptors.o
                              0x15275 (size before relaxing)
 .debug_str     0x00015328     0x147e Joystick.o
                              0x15fe7 (size before relaxing)
 .debug_str     0x000167a6      0xa3a src/LUFA/LUFA/Drivers/USB/Core/AVR8/EndpointStream_AVR8.o
                               0xf6c1 (size before relaxing)
 .debug_str     0x000171e0      0x271 src/LUFA/LUFA/Drivers/USB/Core/AVR8/Endpoint_AVR8.o
                               0xed64 (size before relaxing)
 .debug_str     0x00017451      0x2a4 src/LUFA/LUFA/Drivers/USB/Core/AVR8/USBController_AVR8.o
                               0xecc4 (size before relaxing)
 .debug_str     0x000176f5      0x138 src/LUFA/LUFA/Drivers/USB/Core/AVR8/USBInterrupt_AVR8.o
                               0xec78 (size before relaxing)
 .debug_str     0x0001782d      0x445 src/LUFA/LUFA/Drivers/USB/Core/DeviceStandardReq.o
                               0xf135 (size before relaxing)
 .debug_str     0x00017c72       0x53 src/LUFA/LUFA/Drivers/USB/Core/Events.o
                               0xdf06 (size before relaxing)
 .debug_str     0x00017cc5       0x7e src/LUFA/LUFA/Drivers/USB/Core/USBTask.o
                               0xeae3 (size before relaxing)

.debug_loc      0x00000000     0x3b72
 *(.debug_loc)
 .debug_loc     0x00000000      0x2d3 Descriptors.o
 .debug_loc     0x000002d3      0x26c Joystick.o
 .debug_loc     0x0000053f     0x2981 src/LUFA/LUFA/Drivers/USB/Core/AVR8/EndpointStream_AVR8.o
 .debug_loc     0x00002ec0      0x593 src/LUFA/LUFA/Drivers/USB/Core/AVR8/Endpoint_AVR8.o
 .debug_loc     0x00003453       0xd5 src/LUFA/LUFA/Drivers/USB/Core/AVR8/USBController_AVR8.o
 .debug_loc     0x00003528      0x2ab src/LUFA/LUFA/Drivers/USB/Core/AVR8/USBInterrupt_AVR8.o
 .debug_loc     0x000037d3      0x356 src/LUFA/LUFA/Drivers/USB/Core/DeviceStandardReq.o
 .debug_loc     0x00003b29       0x49 src/LUFA/LUFA/Drivers/USB/Core/USBTask.o

.debug_macinfo
 *(.debug_macinfo)

.debug_weaknames
 *(.debug_weaknames)

.debug_funcnames
 *(.debug_funcnames)

.debug_typenames
 *(.debug_typenames)

.debug_varnames
 *(.debug_varnames)

.debug_pubtypes
 *(.debug_pubtypes)

.debug_ranges   0x00000000      0xbc8
 *(.debug_ranges)
 .debug_ranges  0x00000000       0x10 Descriptors.o
 .debug_ranges  0x00000010       0x48 Joystick.o
 .debug_ranges  0x00000058      0x928 src/LUFA/LUFA/Drivers/USB/Core/AVR8/EndpointStream_AVR8.o
 .debug_ranges  0x00000980      0x190 src/LUFA/LUFA/Drivers/USB/Core/AVR8/Endpoint_AVR8.o
 .debug_ranges  0x00000b10       0x20 src/LUFA/LUFA/Drivers/USB/Core/AVR8/USBController_AVR8.o
 .debug_ranges  0x00000b30       0x20 src/LUFA/LUFA/Drivers/USB/Core/AVR8/USBInterrupt_AVR8.o
 .debug_ranges  0x00000b50       0x58 src/LUFA/LUFA/Drivers/USB/Core/DeviceStandardReq.o
 .debug_ranges  0x00000ba8       0x10 src/LUFA/LUFA/Drivers/USB/Core/Events.o
 .debug_ranges  0x00000bb8       0x10 src/LUFA/LUFA/Drivers/USB/Core/USBTask.o

.debug_macro    0x00000000     0x7438
 *(.debug_macro)
 .debug_macro   0x00000000      0x437 Descriptors.o
 .debug_macro   0x00000437      0xa6c Descriptors.o
 .debug_macro   0x00000ea3       0x12 Descriptors.o
 .debug_macro   0x00000eb5       0x10 Descriptors.o
 .debug_macro   0x00000ec5      0x1c9 Descriptors.o
 .debug_macro   0x0000108e       0x22 Descriptors.o
 .debug_macro   0x000010b0       0x16 Descriptors.o
 .debug_macro   0x000010c6       0x97 Descriptors.o
 .debug_macro   0x0000115d       0x16 Descriptors.o
 .debug_macro   0x00001173       0xf6 Descriptors.o
 .debug_macro   0x00001269       0x22 Descriptors.o
 .debug_macro   0x0000128b      0x1a7 Descriptors.o
 .debug_macro   0x00001432       0x36 Descriptors.o
 .debug_macro   0x00001468       0x1c Descriptors.o
 .debug_macro   0x00001484       0x68 Descriptors.o
 .debug_macro   0x000014ec       0x28 Descriptors.o
 .debug_macro   0x00001514       0x10 Descriptors.o
 .debug_macro   0x00001524      0x302 Descriptors.o
 .debug_macro   0x00001826       0x9e Descriptors.o
 .debug_macro   0x000018c4     0x207d Descriptors.o
 .debug_macro   0x00003941      0x14f Descriptors.o
 .debug_macro   0x00003a90       0xd9 Descriptors.o
 .debug_macro   0x00003b69       0x34 Descriptors.o
 .debug_macro   0x00003b9d       0x18 Descriptors.o
 .debug_macro   0x00003bb5       0x6c Descriptors.o
 .debug_macro   0x00003c21       0x69 Descriptors.o
 .debug_macro   0x00003c8a       0x10 Descriptors.o
 .debug_macro   0x00003c9a       0x35 Descriptors.o
 .debug_macro   0x00003ccf      0x175 Descriptors.o
 .debug_macro   0x00003e44       0x33 Descriptors.o
 .debug_macro   0x00003e77      0x10c Descriptors.o
 .debug_macro   0x00003f83      0x160 Descriptors.o
 .debug_macro   0x000040e3      0x160 Descriptors.o
 .debug_macro   0x00004243       0x10 Descriptors.o
 .debug_macro   0x00004253       0x1c Descriptors.o
 .debug_macro   0x0000426f       0x86 Descriptors.o
 .debug_macro   0x000042f5       0x3c Descriptors.o
 .debug_macro   0x00004331       0x19 Descriptors.o
 .debug_macro   0x0000434a       0x4d Descriptors.o
 .debug_macro   0x00004397       0x73 Descriptors.o
 .debug_macro   0x0000440a       0x16 Descriptors.o
 .debug_macro   0x00004420       0x12 Descriptors.o
 .debug_macro   0x00004432       0x22 Descriptors.o
 .debug_macro   0x00004454       0x64 Descriptors.o
 .debug_macro   0x000044b8       0x41 Descriptors.o
 .debug_macro   0x000044f9       0x10 Descriptors.o
 .debug_macro   0x00004509       0x1c Descriptors.o
 .debug_macro   0x00004525       0x16 Descriptors.o
 .debug_macro   0x0000453b       0x16 Descriptors.o
 .debug_macro   0x00004551      0x12c Descriptors.o
 .debug_macro   0x0000467d       0x16 Descriptors.o
 .debug_macro   0x00004693       0x46 Descriptors.o
 .debug_macro   0x000046d9       0x58 Descriptors.o
 .debug_macro   0x00004731       0x10 Descriptors.o
 .debug_macro   0x00004741       0xf2 Descriptors.o
 .debug_macro   0x00004833       0x16 Descriptors.o
 .debug_macro   0x00004849      0x154 Descriptors.o
 .debug_macro   0x0000499d       0x2a Descriptors.o
 .debug_macro   0x000049c7      0x6ce Descriptors.o
 .debug_macro   0x00005095       0x16 Descriptors.o
 .debug_macro   0x000050ab      0x132 Descriptors.o
 .debug_macro   0x000051dd       0x16 Descriptors.o
 .debug_macro   0x000051f3       0x10 Descriptors.o
 .debug_macro   0x00005203       0x6c Descriptors.o
 .debug_macro   0x0000526f       0x16 Descriptors.o
 .debug_macro   0x00005285       0x1c Descriptors.o
 .debug_macro   0x000052a1       0x16 Descriptors.o
 .debug_macro   0x000052b7       0x10 Descriptors.o
 .debug_macro   0x000052c7      0x1be Descriptors.o
 .debug_macro   0x00005485       0x16 Descriptors.o
 .debug_macro   0x0000549b       0x1c Descriptors.o
 .debug_macro   0x000054b7      0x4b0 Joystick.o
 .debug_macro   0x00005967      0x2fc Joystick.o
 .debug_macro   0x00005c63       0x68 Joystick.o
 .debug_macro   0x00005ccb       0xab Joystick.o
 .debug_macro   0x00005d76       0x10 Joystick.o
 .debug_macro   0x00005d86       0x10 Joystick.o
 .debug_macro   0x00005d96       0xca Joystick.o
 .debug_macro   0x00005e60       0x28 Joystick.o
 .debug_macro   0x00005e88       0x3a Joystick.o
 .debug_macro   0x00005ec2       0x46 Joystick.o
 .debug_macro   0x00005f08       0x1c Joystick.o
 .debug_macro   0x00005f24      0x60e src/LUFA/LUFA/Drivers/USB/Core/AVR8/EndpointStream_AVR8.o
 .debug_macro   0x00006532       0x28 src/LUFA/LUFA/Drivers/USB/Core/AVR8/EndpointStream_AVR8.o
 .debug_macro   0x0000655a       0x1c src/LUFA/LUFA/Drivers/USB/Core/AVR8/EndpointStream_AVR8.o
 .debug_macro   0x00006576       0x1c src/LUFA/LUFA/Drivers/USB/Core/AVR8/EndpointStream_AVR8.o
 .debug_macro   0x00006592      0x2a5 src/LUFA/LUFA/Drivers/USB/Core/AVR8/Endpoint_AVR8.o
 .debug_macro   0x00006837       0x10 src/LUFA/LUFA/Drivers/USB/Core/AVR8/Endpoint_AVR8.o
 .debug_macro   0x00006847      0x277 src/LUFA/LUFA/Drivers/USB/Core/AVR8/USBController_AVR8.o
 .debug_macro   0x00006abe       0x79 src/LUFA/LUFA/Drivers/USB/Core/AVR8/USBController_AVR8.o
 .debug_macro   0x00006b37      0x27f src/LUFA/LUFA/Drivers/USB/Core/AVR8/USBInterrupt_AVR8.o
 .debug_macro   0x00006db6      0x27d src/LUFA/LUFA/Drivers/USB/Core/DeviceStandardReq.o
 .debug_macro   0x00007033      0x182 src/LUFA/LUFA/Drivers/USB/Core/Events.o
 .debug_macro   0x000071b5      0x283 src/LUFA/LUFA/Drivers/USB/Core/USBTask.o
OUTPUT(Mechy_Prototype_V0.2.elf elf32-avr)
LOAD linker stubs
